// Jest Snapshot v1, https://goo.gl/fbAQLP

exports[`Deve reenderizar uma lista de links com a classe link 1`] = `
Array [
  <a
    class="link"
    href="/"
  >
    Inicial
  </a>,
  <a
    class="link"
    href="/transferencias"
  >
    Transferências
  </a>,
  <a
    class="link"
    href="/investimentos"
  >
    Investimentos
  </a>,
  <a
    class="link"
    href="/servicos"
  >
    Outros serviços
  </a>,
]
`;
